c:\users\anwari\source\repos\hodex\hodex\x64\release\vc141.pdb
c:\users\anwari\source\repos\hodex\hodex\x64\release\hodex.sbr
c:\users\anwari\source\repos\hodex\hodex\x64\release\tinyxml2.sbr
c:\users\anwari\source\repos\hodex\hodex\x64\release\tinyxml2.obj
c:\users\anwari\source\repos\hodex\hodex\x64\release\hodex.obj
c:\users\anwari\source\repos\hodex\x64\release\hodex.ipdb
c:\users\anwari\source\repos\hodex\x64\release\hodex.iobj
c:\users\anwari\source\repos\hodex\x64\release\hodex.exe
c:\users\anwari\source\repos\hodex\x64\release\hodex.map
c:\users\anwari\source\repos\hodex\x64\release\hodex.pdb
c:\users\anwari\source\repos\hodex\x64\release\hodex.bsc
c:\users\anwari\source\repos\hodex\hodex\x64\release\hodex.tlog\bscmake.command.1.tlog
c:\users\anwari\source\repos\hodex\hodex\x64\release\hodex.tlog\bscmake.read.1.tlog
c:\users\anwari\source\repos\hodex\hodex\x64\release\hodex.tlog\cl.command.1.tlog
c:\users\anwari\source\repos\hodex\hodex\x64\release\hodex.tlog\cl.read.1.tlog
c:\users\anwari\source\repos\hodex\hodex\x64\release\hodex.tlog\cl.write.1.tlog
c:\users\anwari\source\repos\hodex\hodex\x64\release\hodex.tlog\hodex.write.1u.tlog
c:\users\anwari\source\repos\hodex\hodex\x64\release\hodex.tlog\link.command.1.tlog
c:\users\anwari\source\repos\hodex\hodex\x64\release\hodex.tlog\link.read.1.tlog
c:\users\anwari\source\repos\hodex\hodex\x64\release\hodex.tlog\link.write.1.tlog
