  stdafx.cpp
  tinyxml2.cpp
  HodEx.cpp
e:\hoda\2. second task\000.hodex_all_version\hodex\hodex\hodex.cpp(621): warning C4267: 'argument': conversion from 'size_t' to 'int', possible loss of data
e:\hoda\2. second task\000.hodex_all_version\hodex\hodex\hodex.cpp(853): warning C4267: 'initializing': conversion from 'size_t' to 'int', possible loss of data
e:\hoda\2. second task\000.hodex_all_version\hodex\hodex\hodex.cpp(877): warning C4267: 'return': conversion from 'size_t' to 'int', possible loss of data
e:\hoda\2. second task\000.hodex_all_version\hodex\hodex\hodex.cpp(892): warning C4267: 'initializing': conversion from 'size_t' to 'int', possible loss of data
e:\hoda\2. second task\000.hodex_all_version\hodex\hodex\hodex.cpp(1239): warning C4267: '=': conversion from 'size_t' to 'int', possible loss of data
e:\hoda\2. second task\000.hodex_all_version\hodex\hodex\hodex.cpp(1253): warning C4267: '=': conversion from 'size_t' to 'int', possible loss of data
e:\hoda\2. second task\000.hodex_all_version\hodex\hodex\hodex.cpp(1261): warning C4267: '=': conversion from 'size_t' to 'int', possible loss of data
e:\hoda\2. second task\000.hodex_all_version\hodex\hodex\hodex.cpp(1266): warning C4267: '=': conversion from 'size_t' to 'int', possible loss of data
e:\hoda\2. second task\000.hodex_all_version\hodex\hodex\hodex.cpp(1281): warning C4267: '=': conversion from 'size_t' to 'int', possible loss of data
e:\hoda\2. second task\000.hodex_all_version\hodex\hodex\hodex.cpp(1290): warning C4267: '=': conversion from 'size_t' to 'int', possible loss of data
e:\hoda\2. second task\000.hodex_all_version\hodex\hodex\hodex.cpp(1295): warning C4267: '=': conversion from 'size_t' to 'int', possible loss of data
e:\hoda\2. second task\000.hodex_all_version\hodex\hodex\hodex.cpp(1308): warning C4267: '=': conversion from 'size_t' to 'int', possible loss of data
e:\hoda\2. second task\000.hodex_all_version\hodex\hodex\hodex.cpp(1313): warning C4267: '=': conversion from 'size_t' to 'int', possible loss of data
e:\hoda\2. second task\000.hodex_all_version\hodex\hodex\hodex.cpp(1354): warning C4267: '=': conversion from 'size_t' to 'int', possible loss of data
e:\hoda\2. second task\000.hodex_all_version\hodex\hodex\hodex.cpp(1366): warning C4267: '=': conversion from 'size_t' to 'int', possible loss of data
e:\hoda\2. second task\000.hodex_all_version\hodex\hodex\hodex.cpp(1370): warning C4267: '=': conversion from 'size_t' to 'int', possible loss of data
e:\hoda\2. second task\000.hodex_all_version\hodex\hodex\hodex.cpp(1375): warning C4267: '=': conversion from 'size_t' to 'int', possible loss of data
e:\hoda\2. second task\000.hodex_all_version\hodex\hodex\hodex.cpp(1381): warning C4267: '=': conversion from 'size_t' to 'int', possible loss of data
e:\hoda\2. second task\000.hodex_all_version\hodex\hodex\hodex.cpp(1387): warning C4267: '=': conversion from 'size_t' to 'int', possible loss of data
e:\hoda\2. second task\000.hodex_all_version\hodex\hodex\hodex.cpp(1555): warning C4267: 'initializing': conversion from 'size_t' to 'int', possible loss of data
  Generating Code...
  HodEx.vcxproj -> E:\Hoda\2. Second Task\000.HodEx_all_version\HodEx\x64\Debug\HodEx.exe
